// Jest Snapshot v1, https://goo.gl/fbAQLP

exports[`Root App should render 1`] = `
<Fragment>
  <BrowserRouter>
    <SiteSwitch />
  </BrowserRouter>
</Fragment>
`;
